error TS6059: File 'C:/Users/HP/payment/Verimutfs/tests/vns/schema.test.ts' is not under 'rootDir' 'C:/Users/HP/payment/Verimutfs/src'. 'rootDir' is expected to contain all source files.
  The file is in the program because:
    Matched by default include pattern '**/*'
error TS6059: File 'C:/Users/HP/payment/Verimutfs/tests/vns/security.test.ts' is not under 'rootDir' 'C:/Users/HP/payment/Verimutfs/src'. 'rootDir' is expected to contain all source files.
  The file is in the program because:
    Matched by default include pattern '**/*'
tsconfig.json(12,5): error TS1136: Property assignment expected.
tsconfig.json(13,7): error TS5023: Unknown compiler option 'compilerOptions'.
tsconfig.json(32,7): error TS5023: Unknown compiler option 'include'.
tsconfig.json(35,7): error TS5023: Unknown compiler option 'exclude'.
tsconfig.json(39,6): error TS1005: '}' expected.
